// Jest Snapshot v1, https://goo.gl/fbAQLP

exports[`Radar Merkezi ekranı altın kopya: bölme öncesi ekran metinleri 1`] = `
[
  "1. Hafta · Radar Merkezi",
  "2025/2026 Sezonu",
  "1. Hafta",
  " · Güncel",
  "⌄",
  "Master",
  "Birleşik",
  "Radar 1",
  "Rakip Gücü",
  "Radar 2",
  "xG",
  "Radar 3",
  "Oynanma DNA",
  "Radar 4",
  "Oran Takibi",
  "Radar 5",
  "Bülten DNA",
  "Tümü",
  "🟢 Güçlü Aday",
  " (3)",
  "🟡 Karışık Sinyal",
  " (0)",
  "🔴 Sürpriz Sinyali",
  " (0)",
  "⚪ Analiz Hazır Değil",
  " (0)",
  "X Beraberlik Riski",
  "2 Dep. Sürprizi",
  "⇅ ",
  "Bülten sırası",
  "1",
  "Ev Takımı",
  " – ",
  "Dep Takımı",
  "02.08 20:00",
  " · Test Ligi",
  "28",
  "🟢",
  " ",
  "Güçlü Aday",
  "Ana: ",
  "1",
  "Favori ",
  "1",
  " · %",
  "55",
  "Veri",
  "%78",
  "Güven",
  "%72",
  "Radar",
  "4/5",
  "Uzlaşma",
  "%80",
  "1",
  "X",
  "2",
  "kupona işle",
  "Detaylı Analiz",
  "2",
  "Ev Takımı",
  " – ",
  "Dep Takımı",
  "02.08 20:00",
  " · Test Ligi",
  "28",
  "🟢",
  " ",
  "Güçlü Aday",
  "Ana: ",
  "1",
  "Favori ",
  "1",
  " · %",
  "55",
  "Veri",
  "%78",
  "Güven",
  "%72",
  "Radar",
  "4/5",
  "Uzlaşma",
  "%80",
  "1",
  "X",
  "2",
  "kupona işle",
  "Detaylı Analiz",
  "3",
  "Ev Takımı",
  " – ",
  "Dep Takımı",
  "02.08 20:00",
  " · Test Ligi",
  "28",
  "🟢",
  " ",
  "Güçlü Aday",
  "Ana: ",
  "1",
  "Favori ",
  "1",
  " · %",
  "55",
  "Veri",
  "%78",
  "Güven",
  "%72",
  "Radar",
  "4/5",
  "Uzlaşma",
  "%80",
  "1",
  "X",
  "2",
  "kupona işle",
  "Detaylı Analiz",
]
`;
